
zewdh@Zewdinesh22 MINGW64 ~/OneDrive/Documents/craftknowlage/HomeWork/craftcommon15 (main)
$ git status
On branch main
Your branch is up to date with 'origin/main'.

Untracked files:
  (use "git add <file>..." to include in what will be committed)
        New Text Document.txt
        Zewdinesh Hailu.txt

nothing added to commit but untracked files present (use "git add" to track)

zewdh@Zewdinesh22 MINGW64 ~/OneDrive/Documents/craftknowlage/HomeWork/craftcommon15 (main)
$ git add .

zewdh@Zewdinesh22 MINGW64 ~/OneDrive/Documents/craftknowlage/HomeWork/craftcommon15 (main)
$ git status
On branch main
Your branch is up to date with 'origin/main'.

Changes to be committed:
  (use "git restore --staged <file>..." to unstage)
        new file:   New Text Document.txt
        new file:   Zewdinesh Hailu.txt


zewdh@Zewdinesh22 MINGW64 ~/OneDrive/Documents/craftknowlage/HomeWork/craftcommon15 (main)
$ git commit -m "new add file"
[main 78fce01] new add file
 2 files changed, 1 insertion(+)
 create mode 100644 New Text Document.txt
 create mode 100644 Zewdinesh Hailu.txt

zewdh@Zewdinesh22 MINGW64 ~/OneDrive/Documents/craftknowlage/HomeWork/craftcommon15 (main)
$ git pull
Already up to date.

zewdh@Zewdinesh22 MINGW64 ~/OneDrive/Documents/craftknowlage/HomeWork/craftcommon15 (main)
$ git push origin main
Enumerating objects: 5, done.
Counting objects: 100% (5/5), done.
Delta compression using up to 8 threads
Compressing objects: 100% (2/2), done.
Writing objects: 100% (4/4), 359 bytes | 359.00 KiB/s, done.
Total 4 (delta 1), reused 0 (delta 0), pack-reused 0
remote: Resolving deltas: 100% (1/1), completed with 1 local object.
To https://github.com/craftgithubuser/craftcommon15.git
   012e4cc..78fce01  main -> main

zewdh@Zewdinesh22 MINGW64 ~/OneDrive/Documents/craftknowlage/HomeWork/craftcommon15 (main)
$ git status
On branch main
Your branch is up to date with 'origin/main'.

Changes not staged for commit:
  (use "git add <file>..." to update what will be committed)
  (use "git restore <file>..." to discard changes in working directory)
        modified:   Zewdinesh Hailu.txt

no changes added to commit (use "git add" and/or "git commit -a")

zewdh@Zewdinesh22 MINGW64 ~/OneDrive/Documents/craftknowlage/HomeWork/craftcommon15 (main)
$ git add .

zewdh@Zewdinesh22 MINGW64 ~/OneDrive/Documents/craftknowlage/HomeWork/craftcommon15 (main)
$ git commit -m "update file"
[main 00fd229] update file
 1 file changed, 2 insertions(+), 1 deletion(-)

zewdh@Zewdinesh22 MINGW64 ~/OneDrive/Documents/craftknowlage/HomeWork/craftcommon15 (main)
$ git pull
Already up to date.

zewdh@Zewdinesh22 MINGW64 ~/OneDrive/Documents/craftknowlage/HomeWork/craftcommon15 (main)
$ git push origin main
Enumerating objects: 5, done.
Counting objects: 100% (5/5), done.
Delta compression using up to 8 threads
Compressing objects: 100% (3/3), done.
Writing objects: 100% (3/3), 313 bytes | 313.00 KiB/s, done.
Total 3 (delta 1), reused 0 (delta 0), pack-reused 0
remote: Resolving deltas: 100% (1/1), completed with 1 local object.
To https://github.com/craftgithubuser/craftcommon15.git
   78fce01..00fd229  main -> main

zewdh@Zewdinesh22 MINGW64 ~/OneDrive/Documents/craftknowlage/HomeWork/craftcommon15 (main)
$
